================================================================================
SECURITY AUDIT — LandingOverlay.jsx
File: /Users/pablodcordero/code/my-stuff/Pneumata/src/components/landing/LandingOverlay.jsx
Time: 2026-06-18T05:15:06Z
================================================================================

PASSED
------
✓ No hardcoded secrets or credentials
✓ No API key patterns in source
✓ No SQL injection patterns detected
✓ No unsafe process.env in client code
✓ No eval() or new Function() usage
✓ No error detail leaks in responses
✓ No unsafe innerHTML assignments
✓ No obvious unvalidated input patterns

Result: 0 CRITICAL, 0 WARNING
================================================================================
================================================================================
SECURITY AUDIT — LandingOverlay.jsx
File: /Users/pablodcordero/code/my-stuff/Pneumata/src/components/landing/LandingOverlay.jsx
Time: 2026-06-18T05:15:25Z
================================================================================

PASSED
------
✓ No hardcoded secrets or credentials
✓ No API key patterns in source
✓ No SQL injection patterns detected
✓ No unsafe process.env in client code
✓ No eval() or new Function() usage
✓ No error detail leaks in responses
✓ No unsafe innerHTML assignments
✓ No obvious unvalidated input patterns

Result: 0 CRITICAL, 0 WARNING
================================================================================
================================================================================
SECURITY AUDIT — LandingOverlay.jsx
File: /Users/pablodcordero/code/my-stuff/Pneumata/src/components/landing/LandingOverlay.jsx
Time: 2026-06-18T05:15:46Z
================================================================================

PASSED
------
✓ No hardcoded secrets or credentials
✓ No API key patterns in source
✓ No SQL injection patterns detected
✓ No unsafe process.env in client code
✓ No eval() or new Function() usage
✓ No error detail leaks in responses
✓ No unsafe innerHTML assignments
✓ No obvious unvalidated input patterns

Result: 0 CRITICAL, 0 WARNING
================================================================================
================================================================================
SECURITY AUDIT — App.jsx
File: src/App.jsx
Time: 2026-06-19T04:02:23Z
================================================================================

PASSED
------
✓ No hardcoded secrets or credentials
✓ No API key patterns in source
✓ No SQL injection patterns detected
✓ No unsafe process.env in client code
✓ No eval() or new Function() usage
✓ No error detail leaks in responses
✓ No unsafe innerHTML assignments
✓ No obvious unvalidated input patterns

Result: 0 CRITICAL, 0 WARNING
================================================================================
================================================================================
SECURITY AUDIT — LandingOverlay.jsx
File: src/components/landing/LandingOverlay.jsx
Time: 2026-06-19T04:02:23Z
================================================================================

PASSED
------
✓ No hardcoded secrets or credentials
✓ No API key patterns in source
✓ No SQL injection patterns detected
✓ No unsafe process.env in client code
✓ No eval() or new Function() usage
✓ No error detail leaks in responses
✓ No unsafe innerHTML assignments
✓ No obvious unvalidated input patterns

Result: 0 CRITICAL, 0 WARNING
================================================================================
================================================================================
SECURITY AUDIT — CameraController.jsx
File: src/components/scene/CameraController.jsx
Time: 2026-06-19T04:02:23Z
================================================================================

PASSED
------
✓ No hardcoded secrets or credentials
✓ No API key patterns in source
✓ No SQL injection patterns detected
✓ No unsafe process.env in client code
✓ No eval() or new Function() usage
✓ No error detail leaks in responses
✓ No unsafe innerHTML assignments
✓ No obvious unvalidated input patterns

Result: 0 CRITICAL, 0 WARNING
================================================================================
================================================================================
SECURITY AUDIT — Scene.jsx
File: src/components/scene/Scene.jsx
Time: 2026-06-19T04:02:23Z
================================================================================

PASSED
------
✓ No hardcoded secrets or credentials
✓ No API key patterns in source
✓ No SQL injection patterns detected
✓ No unsafe process.env in client code
✓ No eval() or new Function() usage
✓ No error detail leaks in responses
✓ No unsafe innerHTML assignments
✓ No obvious unvalidated input patterns

Result: 0 CRITICAL, 0 WARNING
================================================================================
